[0.008s][info][gc] Using Serial
[5.941s][info][gc] GC(0) Pause Young (Allocation Failure) 4M->1M(15M) 4.784ms
[14.592s][info][gc] GC(1) Pause Young (Allocation Failure) 6M->2M(15M) 2.773ms
[14.605s][info][gc] GC(2) Pause Young (Allocation Failure) 6M->2M(15M) 1.001ms
[14.618s][info][gc] GC(3) Pause Young (Allocation Failure) 6M->3M(15M) 1.001ms
[14.630s][info][gc] GC(4) Pause Young (Allocation Failure) 7M->3M(15M) 0.962ms
[14.642s][info][gc] GC(5) Pause Young (Allocation Failure) 7M->3M(15M) 0.965ms
[14.648s][info][gc] GC(6) Pause Young (Allocation Failure) 8M->4M(15M) 0.981ms
[14.654s][info][gc] GC(7) Pause Young (Allocation Failure) 8M->4M(15M) 0.970ms
[14.660s][info][gc] GC(8) Pause Young (Allocation Failure) 9M->5M(15M) 0.854ms
