[0.009s][info][gc] Using Serial
[17.181s][info][gc] GC(0) Pause Young (Allocation Failure) 4M->1M(15M) 6.034ms
[17.446s][info][gc] GC(1) Pause Young (Allocation Failure) 6M->2M(15M) 6.279ms
[36.013s][info][gc] GC(2) Pause Young (Allocation Failure) 7M->3M(15M) 5.331ms
[36.027s][info][gc] GC(3) Pause Young (Allocation Failure) 7M->3M(15M) 1.122ms
[36.040s][info][gc] GC(4) Pause Young (Allocation Failure) 7M->3M(15M) 0.774ms
[36.052s][info][gc] GC(5) Pause Young (Allocation Failure) 7M->3M(15M) 0.720ms
[36.066s][info][gc] GC(6) Pause Young (Allocation Failure) 7M->3M(15M) 1.297ms
[36.078s][info][gc] GC(7) Pause Young (Allocation Failure) 7M->3M(15M) 1.025ms
[36.085s][info][gc] GC(8) Pause Young (Allocation Failure) 7M->3M(15M) 1.704ms
[36.096s][info][gc] GC(9) Pause Young (Allocation Failure) 7M->3M(15M) 0.817ms
[38.464s][info][gc] GC(10) Pause Young (Allocation Failure) 7M->3M(15M) 1.311ms
[69.738s][info][gc] GC(11) Pause Young (Allocation Failure) 7M->3M(15M) 1.138ms
[69.744s][info][gc] GC(12) Pause Young (Allocation Failure) 7M->3M(15M) 0.910ms
[69.749s][info][gc] GC(13) Pause Young (Allocation Failure) 7M->3M(15M) 0.933ms
[69.755s][info][gc] GC(14) Pause Young (Allocation Failure) 7M->3M(15M) 0.911ms
[69.761s][info][gc] GC(15) Pause Young (Allocation Failure) 7M->3M(15M) 1.009ms
[69.767s][info][gc] GC(16) Pause Young (Allocation Failure) 7M->3M(15M) 0.886ms
[69.772s][info][gc] GC(17) Pause Young (Allocation Failure) 7M->3M(15M) 0.988ms
[69.777s][info][gc] GC(18) Pause Young (Allocation Failure) 7M->3M(15M) 0.544ms
[69.783s][info][gc] GC(19) Pause Young (Allocation Failure) 7M->3M(15M) 0.580ms
[84.067s][info][gc] GC(20) Pause Young (Allocation Failure) 7M->3M(15M) 0.844ms
[84.073s][info][gc] GC(21) Pause Young (Allocation Failure) 7M->3M(15M) 0.725ms
[84.078s][info][gc] GC(22) Pause Young (Allocation Failure) 7M->3M(15M) 0.567ms
[84.084s][info][gc] GC(23) Pause Young (Allocation Failure) 7M->3M(15M) 0.690ms
[84.089s][info][gc] GC(24) Pause Young (Allocation Failure) 7M->3M(15M) 1.093ms
[84.095s][info][gc] GC(25) Pause Young (Allocation Failure) 7M->3M(15M) 0.681ms
[84.101s][info][gc] GC(26) Pause Young (Allocation Failure) 7M->3M(15M) 0.726ms
[84.106s][info][gc] GC(27) Pause Young (Allocation Failure) 7M->3M(15M) 0.592ms
[96.545s][info][gc] GC(28) Pause Young (Allocation Failure) 7M->3M(15M) 0.772ms
[137.505s][info][gc] GC(29) Pause Young (Allocation Failure) 7M->3M(15M) 0.732ms
