[0.009s][info][gc] Using Serial
[9.626s][info][gc] GC(0) Pause Young (Allocation Failure) 4M->1M(15M) 4.717ms
[9.642s][info][gc] GC(1) Pause Young (Allocation Failure) 6M->2M(15M) 2.677ms
[9.654s][info][gc] GC(2) Pause Young (Allocation Failure) 6M->2M(15M) 0.917ms
[9.666s][info][gc] GC(3) Pause Young (Allocation Failure) 6M->3M(15M) 0.923ms
[9.679s][info][gc] GC(4) Pause Young (Allocation Failure) 7M->3M(15M) 0.937ms
[9.691s][info][gc] GC(5) Pause Young (Allocation Failure) 7M->3M(15M) 1.006ms
[9.697s][info][gc] GC(6) Pause Young (Allocation Failure) 8M->4M(15M) 0.966ms
[9.703s][info][gc] GC(7) Pause Young (Allocation Failure) 8M->4M(15M) 0.974ms
[9.708s][info][gc] GC(8) Pause Young (Allocation Failure) 9M->5M(15M) 0.980ms
[9.714s][info][gc] GC(9) Pause Young (Allocation Failure) 9M->5M(15M) 0.931ms
[9.719s][info][gc] GC(10) Pause Young (Allocation Failure) 9M->5M(15M) 0.879ms
[9.725s][info][gc] GC(11) Pause Young (Allocation Failure) 10M->6M(15M) 0.945ms
[9.730s][info][gc] GC(12) Pause Young (Allocation Failure) 10M->6M(15M) 0.925ms
[9.735s][info][gc] GC(13) Pause Young (Allocation Failure) 10M->7M(15M) 0.951ms
[9.740s][info][gc] GC(14) Pause Young (Allocation Failure) 11M->7M(15M) 1.033ms
[9.746s][info][gc] GC(15) Pause Young (Allocation Failure) 11M->7M(15M) 1.018ms
[9.751s][info][gc] GC(16) Pause Young (Allocation Failure) 12M->8M(15M) 1.019ms
[9.755s][info][gc] GC(17) Pause Young (Allocation Failure) 12M->8M(15M) 0.937ms
[9.759s][info][gc] GC(18) Pause Young (Allocation Failure) 13M->9M(15M) 0.933ms
[9.763s][info][gc] GC(19) Pause Young (Allocation Failure) 13M->9M(15M) 0.844ms
[9.767s][info][gc] GC(20) Pause Young (Allocation Failure) 13M->9M(15M) 0.835ms
[9.771s][info][gc] GC(21) Pause Young (Allocation Failure) 14M->10M(15M) 0.875ms
[9.775s][info][gc] GC(22) Pause Young (Allocation Failure) 14M->10M(15M) 0.875ms
[9.778s][info][gc] GC(23) Pause Young (Allocation Failure) 15M->15M(15M) 0.072ms
[9.791s][info][gc] GC(24) Pause Full (Allocation Failure) 15M->11M(15M) 13.091ms
[9.811s][info][gc] GC(25) Pause Full (Allocation Failure) 15M->11M(15M) 13.786ms
[9.829s][info][gc] GC(26) Pause Full (Allocation Failure) 15M->11M(15M) 12.510ms
[9.850s][info][gc] GC(27) Pause Full (Allocation Failure) 15M->12M(15M) 15.508ms
[9.868s][info][gc] GC(28) Pause Full (Allocation Failure) 15M->12M(15M) 12.662ms
[9.884s][info][gc] GC(29) Pause Full (Allocation Failure) 15M->12M(15M) 12.172ms
[9.901s][info][gc] GC(30) Pause Full (Allocation Failure) 15M->12M(15M) 12.124ms
[9.917s][info][gc] GC(31) Pause Full (Allocation Failure) 15M->13M(15M) 11.926ms
[9.935s][info][gc] GC(32) Pause Full (Allocation Failure) 15M->13M(15M) 12.634ms
[9.953s][info][gc] GC(33) Pause Full (Allocation Failure) 15M->13M(15M) 13.442ms
[9.969s][info][gc] GC(34) Pause Full (Allocation Failure) 15M->13M(15M) 12.687ms
[9.987s][info][gc] GC(35) Pause Full (Allocation Failure) 15M->13M(15M) 13.347ms
[10.004s][info][gc] GC(36) Pause Full (Allocation Failure) 15M->14M(15M) 13.333ms
[10.020s][info][gc] GC(37) Pause Full (Allocation Failure) 15M->14M(15M) 12.460ms
[10.036s][info][gc] GC(38) Pause Full (Allocation Failure) 15M->14M(15M) 12.607ms
[10.053s][info][gc] GC(39) Pause Full (Allocation Failure) 15M->14M(15M) 12.449ms
[10.069s][info][gc] GC(40) Pause Full (Allocation Failure) 15M->14M(15M) 12.198ms
[10.085s][info][gc] GC(41) Pause Full (Allocation Failure) 15M->14M(15M) 12.507ms
[10.101s][info][gc] GC(42) Pause Full (Allocation Failure) 15M->14M(15M) 12.384ms
[10.117s][info][gc] GC(43) Pause Full (Allocation Failure) 15M->14M(15M) 13.586ms
[10.133s][info][gc] GC(44) Pause Full (Allocation Failure) 15M->14M(15M) 12.857ms
[10.150s][info][gc] GC(45) Pause Full (Allocation Failure) 15M->14M(15M) 12.473ms
[10.165s][info][gc] GC(46) Pause Full (Allocation Failure) 15M->14M(15M) 12.143ms
[10.180s][info][gc] GC(47) Pause Full (Allocation Failure) 15M->15M(15M) 12.463ms
[10.195s][info][gc] GC(48) Pause Full (Allocation Failure) 15M->15M(15M) 12.232ms
[10.211s][info][gc] GC(49) Pause Full (Allocation Failure) 15M->15M(15M) 12.360ms
[10.227s][info][gc] GC(50) Pause Full (Allocation Failure) 15M->15M(15M) 13.091ms
[10.243s][info][gc] GC(51) Pause Full (Allocation Failure) 15M->15M(15M) 13.759ms
[10.257s][info][gc] GC(52) Pause Full (Allocation Failure) 15M->15M(15M) 12.614ms
[10.272s][info][gc] GC(53) Pause Full (Allocation Failure) 15M->15M(15M) 12.517ms
[10.286s][info][gc] GC(54) Pause Full (Allocation Failure) 15M->15M(15M) 12.088ms
[10.300s][info][gc] GC(55) Pause Full (Allocation Failure) 15M->15M(15M) 12.140ms
[10.313s][info][gc] GC(56) Pause Full (Allocation Failure) 15M->15M(15M) 12.198ms
[10.326s][info][gc] GC(57) Pause Full (Allocation Failure) 15M->15M(15M) 12.038ms
[10.341s][info][gc] GC(58) Pause Full (Allocation Failure) 15M->15M(15M) 12.433ms
[10.353s][info][gc] GC(59) Pause Full (Allocation Failure) 15M->15M(15M) 11.953ms
[10.367s][info][gc] GC(60) Pause Full (Allocation Failure) 15M->15M(15M) 12.257ms
[10.380s][info][gc] GC(61) Pause Full (Allocation Failure) 15M->15M(15M) 12.236ms
[10.393s][info][gc] GC(62) Pause Full (Allocation Failure) 15M->15M(15M) 12.041ms
[10.406s][info][gc] GC(63) Pause Full (Allocation Failure) 15M->15M(15M) 12.163ms
[10.419s][info][gc] GC(64) Pause Full (Allocation Failure) 15M->15M(15M) 12.204ms
[10.431s][info][gc] GC(65) Pause Full (Allocation Failure) 15M->15M(15M) 11.960ms
[10.444s][info][gc] GC(66) Pause Full (Allocation Failure) 15M->15M(15M) 12.227ms
[10.457s][info][gc] GC(67) Pause Full (Allocation Failure) 15M->15M(15M) 12.107ms
[10.470s][info][gc] GC(68) Pause Full (Allocation Failure) 15M->15M(15M) 12.198ms
[10.482s][info][gc] GC(69) Pause Full (Allocation Failure) 15M->15M(15M) 12.234ms
[10.495s][info][gc] GC(70) Pause Full (Allocation Failure) 15M->15M(15M) 12.320ms
[10.507s][info][gc] GC(71) Pause Full (Allocation Failure) 15M->15M(15M) 12.353ms
[10.520s][info][gc] GC(72) Pause Full (Allocation Failure) 15M->15M(15M) 12.144ms
[10.533s][info][gc] GC(73) Pause Full (Allocation Failure) 15M->15M(15M) 12.415ms
[10.546s][info][gc] GC(74) Pause Full (Allocation Failure) 15M->15M(15M) 12.368ms
[10.559s][info][gc] GC(75) Pause Full (Allocation Failure) 15M->15M(15M) 12.264ms
[10.571s][info][gc] GC(76) Pause Full (Allocation Failure) 15M->15M(15M) 12.229ms
[10.584s][info][gc] GC(77) Pause Full (Allocation Failure) 15M->15M(15M) 12.670ms
[10.597s][info][gc] GC(78) Pause Full (Allocation Failure) 15M->15M(15M) 12.429ms
[10.609s][info][gc] GC(79) Pause Full (Allocation Failure) 15M->15M(15M) 12.279ms
[10.621s][info][gc] GC(80) Pause Full (Allocation Failure) 15M->15M(15M) 12.134ms
[10.634s][info][gc] GC(81) Pause Full (Allocation Failure) 15M->15M(15M) 12.187ms
[10.646s][info][gc] GC(82) Pause Full (Allocation Failure) 15M->15M(15M) 12.413ms
[10.659s][info][gc] GC(83) Pause Full (Allocation Failure) 15M->15M(15M) 12.288ms
[10.672s][info][gc] GC(84) Pause Full (Allocation Failure) 15M->15M(15M) 12.773ms
[10.684s][info][gc] GC(85) Pause Full (Allocation Failure) 15M->15M(15M) 12.670ms
[10.697s][info][gc] GC(86) Pause Full (Allocation Failure) 15M->15M(15M) 12.777ms
[10.711s][info][gc] GC(87) Pause Full (Allocation Failure) 15M->15M(15M) 13.085ms
[10.723s][info][gc] GC(88) Pause Full (Allocation Failure) 15M->15M(15M) 12.537ms
[10.736s][info][gc] GC(89) Pause Full (Allocation Failure) 15M->15M(15M) 12.509ms
[10.748s][info][gc] GC(90) Pause Full (Allocation Failure) 15M->15M(15M) 12.370ms
[10.761s][info][gc] GC(91) Pause Full (Allocation Failure) 15M->15M(15M) 12.088ms
[10.767s][info][gc] GC(92) Pause Full (Allocation Failure) 15M->1M(15M) 6.340ms
