[0.009s][info][gc] Using Serial
[3.146s][info][gc] GC(0) Pause Young (Allocation Failure) 4M->1M(15M) 5.891ms
[3.544s][info][gc] GC(1) Pause Young (Allocation Failure) 6M->2M(15M) 6.566ms
[15.807s][info][gc] GC(2) Pause Young (Allocation Failure) 7M->3M(15M) 2.837ms
[15.820s][info][gc] GC(3) Pause Young (Allocation Failure) 7M->3M(15M) 1.179ms
[15.832s][info][gc] GC(4) Pause Young (Allocation Failure) 7M->4M(15M) 0.966ms
[15.845s][info][gc] GC(5) Pause Young (Allocation Failure) 8M->4M(15M) 0.991ms
[15.857s][info][gc] GC(6) Pause Young (Allocation Failure) 8M->4M(15M) 1.020ms
[15.868s][info][gc] GC(7) Pause Young (Allocation Failure) 9M->5M(15M) 1.056ms
[15.874s][info][gc] GC(8) Pause Young (Allocation Failure) 9M->5M(15M) 1.152ms
[15.885s][info][gc] GC(9) Pause Young (Allocation Failure) 9M->6M(15M) 1.091ms
[23.564s][info][gc] GC(10) Pause Young (Allocation Failure) 10M->6M(15M) 1.316ms
[23.571s][info][gc] GC(11) Pause Young (Allocation Failure) 10M->6M(15M) 1.482ms
[23.576s][info][gc] GC(12) Pause Young (Allocation Failure) 11M->7M(15M) 1.191ms
[23.582s][info][gc] GC(13) Pause Young (Allocation Failure) 11M->7M(15M) 1.205ms
[23.589s][info][gc] GC(14) Pause Young (Allocation Failure) 11M->8M(15M) 1.237ms
[23.595s][info][gc] GC(15) Pause Young (Allocation Failure) 12M->8M(15M) 1.205ms
[23.601s][info][gc] GC(16) Pause Young (Allocation Failure) 12M->8M(15M) 1.119ms
[23.607s][info][gc] GC(17) Pause Young (Allocation Failure) 13M->9M(15M) 1.146ms
[23.612s][info][gc] GC(18) Pause Young (Allocation Failure) 13M->9M(15M) 1.065ms
[50.618s][info][gc] GC(19) Pause Young (Allocation Failure) 13M->9M(15M) 1.391ms
[67.263s][info][gc] GC(20) Pause Young (Allocation Failure) 14M->9M(15M) 0.796ms
[77.703s][info][gc] GC(21) Pause Young (Allocation Failure) 14M->10M(15M) 1.142ms
[77.707s][info][gc] GC(22) Pause Young (Allocation Failure) 14M->10M(15M) 1.228ms
[77.710s][info][gc] GC(23) Pause Young (Allocation Failure) 14M->14M(15M) 0.076ms
[77.732s][info][gc] GC(24) Pause Full (Allocation Failure) 14M->11M(15M) 21.338ms
[77.758s][info][gc] GC(25) Pause Full (Allocation Failure) 15M->11M(15M) 20.066ms
[77.781s][info][gc] GC(26) Pause Full (Allocation Failure) 15M->11M(15M) 17.118ms
[77.807s][info][gc] GC(27) Pause Full (Allocation Failure) 15M->11M(15M) 19.898ms
[77.830s][info][gc] GC(28) Pause Full (Allocation Failure) 15M->12M(15M) 17.620ms
[77.855s][info][gc] GC(29) Pause Full (Allocation Failure) 15M->12M(15M) 17.684ms
[77.877s][info][gc] GC(30) Pause Full (Allocation Failure) 15M->12M(15M) 16.795ms
[78.681s][info][gc] GC(31) Pause Full (Allocation Failure) 15M->13M(15M) 22.343ms
[100.689s][info][gc] GC(32) Pause Full (Allocation Failure) 15M->13M(15M) 19.400ms
[124.714s][info][gc] GC(33) Pause Full (Allocation Failure) 15M->12M(15M) 18.340ms
[149.619s][info][gc] GC(34) Pause Full (Allocation Failure) 15M->12M(15M) 18.312ms
[164.552s][info][gc] GC(35) Pause Full (Allocation Failure) 15M->13M(15M) 21.772ms
[164.578s][info][gc] GC(36) Pause Full (Allocation Failure) 15M->13M(15M) 20.882ms
[164.600s][info][gc] GC(37) Pause Full (Allocation Failure) 15M->13M(15M) 17.878ms
[164.622s][info][gc] GC(38) Pause Full (Allocation Failure) 15M->13M(15M) 17.884ms
[164.646s][info][gc] GC(39) Pause Full (Allocation Failure) 15M->13M(15M) 19.566ms
[164.670s][info][gc] GC(40) Pause Full (Allocation Failure) 15M->13M(15M) 19.773ms
[164.693s][info][gc] GC(41) Pause Full (Allocation Failure) 15M->14M(15M) 18.832ms
[164.715s][info][gc] GC(42) Pause Full (Allocation Failure) 15M->14M(15M) 17.927ms
[164.737s][info][gc] GC(43) Pause Full (Allocation Failure) 15M->14M(15M) 18.149ms
[164.759s][info][gc] GC(44) Pause Full (Allocation Failure) 15M->14M(15M) 17.959ms
[164.783s][info][gc] GC(45) Pause Full (Allocation Failure) 15M->14M(15M) 19.795ms
[169.773s][info][gc] GC(46) Pause Full (Allocation Failure) 15M->14M(15M) 19.678ms
[177.781s][info][gc] GC(47) Pause Full (Allocation Failure) 15M->14M(15M) 18.784ms
[185.786s][info][gc] GC(48) Pause Full (Allocation Failure) 15M->2M(15M) 12.700ms
[226.822s][info][gc] GC(49) Pause Young (Allocation Failure) 7M->2M(15M) 0.507ms
[268.630s][info][gc] GC(50) Pause Young (Allocation Failure) 7M->2M(15M) 0.456ms
[308.916s][info][gc] GC(51) Pause Young (Allocation Failure) 7M->2M(15M) 0.575ms
[350.962s][info][gc] GC(52) Pause Young (Allocation Failure) 7M->2M(15M) 0.557ms
